Recovery resume log
2026-07-17: Recovery audit established that archive extraction and real-data validation completed successfully.
2026-07-17: The prior detector output contained real inference-derived counts and Farneback flow values, but was incomplete for the requested box-level evaluation and its report used invalid simulated count matching and in-sample scoring.
Preservation command:
Move-Item -LiteralPath C:\work\auto\results\not_robotics_real_feasibility\detector_outputs.parquet C:\work\auto\results\not_robotics_real_feasibility\detector_outputs_INCOMPLETE.parquet; Move-Item -LiteralPath C:\work\auto\results\not_robotics_real_feasibility\feasibility_study_report.md C:\work\auto\results\not_robotics_real_feasibility\feasibility_study_report_INCOMPLETE.md; Move-Item -LiteralPath C:\work\auto\results\not_robotics_real_feasibility\can_field_inventory.csv C:\work\auto\results\not_robotics_real_feasibility\can_field_inventory_INCOMPLETE.csv; Move-Item -LiteralPath C:\work\auto\results\not_robotics_real_feasibility\data_presence_audit.csv C:\work\auto\results\not_robotics_real_feasibility\data_presence_audit_INCOMPLETE.csv; Move-Item -LiteralPath C:\work\auto\results\not_robotics_real_feasibility\data_presence_report.md C:\work\auto\results\not_robotics_real_feasibility\data_presence_report_INCOMPLETE.md
Resume command:
C:\work\auto\.venv-not-robotics\Scripts\python.exe C:\work\auto\scripts\not_robotics\resume_real_feasibility.py
Independent metric-recalculation command:
C:\work\auto\.venv-not-robotics\Scripts\python.exe C:\work\auto\scripts\not_robotics\recalculate_real_metrics.py
Recovery-report and inventory command:
C:\work\auto\.venv-not-robotics\Scripts\python.exe C:\work\auto\scripts\not_robotics\build_recovery_report.py
Final output-inventory refresh command:
C:\work\auto\.venv-not-robotics\Scripts\python.exe C:\work\auto\scripts\not_robotics\refresh_recovery_output_inventory.py
2026-07-17 11:21:04,905 INFO RESUME_START real nuScenes feasibility study
2026-07-17 11:21:04,905 INFO Command: C:\work\auto\.venv-not-robotics\Scripts\python.exe C:\work\auto\scripts\not_robotics\resume_real_feasibility.py
2026-07-17 11:21:04,905 INFO Loading nuScenes metadata and CAN bus
2026-07-17 11:21:05,628 INFO Reusing 404 real Farneback flow values from preserved legacy output
2026-07-17 11:21:05,753 INFO Running YOLO inference on 404 real CAM_FRONT keyframes
2026-07-17 11:21:36,244 INFO Detector progress 50/404
2026-07-17 11:21:39,754 INFO Detector progress 100/404
2026-07-17 11:21:42,720 INFO Detector progress 150/404
2026-07-17 11:21:45,641 INFO Detector progress 200/404
2026-07-17 11:21:48,160 INFO Detector progress 250/404
2026-07-17 11:21:50,947 INFO Detector progress 300/404
2026-07-17 11:21:54,096 INFO Detector progress 350/404
2026-07-17 11:21:57,207 INFO Detector progress 400/404
2026-07-17 11:21:57,466 INFO Detector progress 404/404
2026-07-17 11:21:57,605 INFO Fitting grouped scene-held-out reliability models
2026-07-17 11:21:59,960 INFO Writing outputs atomically
2026-07-17 11:22:00,092 INFO RESUME_COMPLETE decision=NO-GO headline={"action_information_auc_benefit": -0.06558523417385076, "baseline_fp": 7030, "baseline_recall": 0.47099311701081614, "best_non_action_auc": 0.8124942462515257, "best_non_action_ece": 0.19045359626963726, "best_non_action_model": "detector_only", "calibration_ece_change": 0.039090075088060394, "evaluated_gt_boxes": 4068, "full_action_auc": 0.7469090120776749, "full_action_ece": 0.22954367135769765, "gated_recall": 0.4498525073746313, "high_motion_baseline_fp": 2336, "high_motion_fp_change_fraction": -0.056934931506849314, "high_motion_gated_fp": 2203, "matched_tp": 1916, "predictions": 8946, "processed_frames": 404, "processed_scenes": 10, "recall_change": -0.02114060963618486, "shifted_1s_auc": 0.7803822419276765, "shuffled_auc": 0.8088964830119648}
